savipal.jessel@csx3:/home/profs/aycock/411/TEST/ms1$ ../reference/main comment-in-op.t5
warning: ignoring bad character at or near line 3
warning: ignoring bad character at or near line 4
savipal.jessel@csx3:/home/profs/aycock/411/TEST/ms1$ ~/cpsc-411/scanner comment-in-op.t5
Warning: Illegal character on or near line 3
Warning: Illegal character on or near line 4
savipal.jessel@csx3:/home/profs/aycock/411/TEST/ms1$





savipal.jessel@csx3:/home/profs/aycock/411/TEST/ms1$ ../reference/main comments-only.t2
savipal.jessel@csx3:/home/profs/aycock/411/TEST/ms1$ ~/cpsc-411/scanner comments-only.t2





savipal.jessel@csx3:/home/profs/aycock/411/TEST/ms1$ ../reference/main comment-term-eof.t11
savipal.jessel@csx3:/home/profs/aycock/411/TEST/ms1$ ~/cpsc-411/scanner comment-term-eof.t11
savipal.jessel@csx3:/home/profs/aycock/411/TEST/ms1$





savipal.jessel@csx3:/home/profs/aycock/411/TEST/ms1$ ../reference/main eof-only.t1
savipal.jessel@csx3:/home/profs/aycock/411/TEST/ms1$ ~/cpsc-411/scanner eof-only.t1
savipal.jessel@csx3:/home/profs/aycock/411/TEST/ms1$





savipal.jessel@csx3:/home/profs/aycock/411/TEST/ms1$ ../reference/main illegal-chars.t6
warning: ignoring bad character at or near line 3
warning: ignoring bad character at or near line 3
warning: ignoring bad character at or near line 3
warning: ignoring bad character at or near line 3
savipal.jessel@csx3:/home/profs/aycock/411/TEST/ms1$ ~/cpsc-411/scanner illegal-chars.t6
Warning: Illegal character on or near line 3
Warning: Illegal character on or near line 3
Warning: Illegal character on or near line 3
Warning: Illegal character on or near line 3






savipal.jessel@csx3:/home/profs/aycock/411/TEST/ms1$ ../reference/main legit-token-salad.t3 | tr T \\n
[
oken(+, 3, None),
oken(-, 4, None),
oken(*, 5, None),
oken(/, 6, None),
oken(%, 7, None),
oken((, 8, None),
oken(), 9, None),
oken({, 10, None),
oken(}, 11, None),
oken(;, 12, None),
oken(,, 13, None),
oken(!, 17, None),
oken(!=, 17, None),
oken(=, 18, None),
oken(==, 18, None),
oken(<, 19, None),
oken(<=, 19, None),
oken(>, 20, None),
oken(>=, 20, None),
oken(>, 22, None),
oken(=, 22, None),
oken(&&, 26, None),
oken(||, 27, None),
oken(true, 31, None),
oken(false, 32, None),
oken(boolean, 33, None),
oken(int, 34, None),
oken(void, 35, None),
oken(if, 36, None),
oken(else, 37, None),
oken(while, 38, None),
oken(break, 39, None),
oken(return, 40, None),
oken(id, 44, for),
oken(id, 45, String),
oken(id, 46, Break),
oken(id, 47, switch),
oken(id, 48, class),
oken(id, 49, abcdef),
oken(id, 50, abc123),
oken(id, 51, _),
oken(id, 52, _abc_0),
oken(number, 56, 0),
oken(number, 57, 12345678901234567890),
oken(number, 59, 0123)]
]
savipal.jessel@csx3:/home/profs/aycock/411/TEST/ms1$ ~/cpsc-411/scanner legit-token-salad.t3
line: 3 | token: + | Lexeme:
line: 4 | token: - | Lexeme:
line: 5 | token: * | Lexeme:
line: 6 | token: / | Lexeme:
line: 7 | token: % | Lexeme:
line: 8 | token: ( | Lexeme:
line: 9 | token: ) | Lexeme:
line: 10 | token: { | Lexeme:
line: 11 | token: } | Lexeme:
line: 12 | token: ; | Lexeme:
line: 13 | token: , | Lexeme:
line: 17 | token: ! | Lexeme:
line: 17 | token: != | Lexeme:
line: 18 | token: = | Lexeme:
line: 18 | token: == | Lexeme:
line: 19 | token: < | Lexeme:
line: 19 | token: <= | Lexeme:
line: 20 | token: > | Lexeme:
line: 20 | token: >= | Lexeme:
line: 22 | token: > | Lexeme:
line: 22 | token: = | Lexeme:
line: 26 | token: && | Lexeme:
line: 27 | token: || | Lexeme:
line: 31 | token: true | Lexeme:
line: 32 | token: false | Lexeme:
line: 33 | token: boolean | Lexeme:
line: 34 | token: int | Lexeme:
line: 35 | token: void | Lexeme:
line: 36 | token: if | Lexeme:
line: 37 | token: else | Lexeme:
line: 38 | token: while | Lexeme:
line: 39 | token: break | Lexeme:
line: 40 | token: return | Lexeme:
line: 44 | token: ID | Lexeme: for
line: 45 | token: ID | Lexeme: String
line: 46 | token: ID | Lexeme: Break
line: 47 | token: ID | Lexeme: switch
line: 48 | token: ID | Lexeme: class
line: 49 | token: ID | Lexeme: abcdef
line: 50 | token: ID | Lexeme: abc123
line: 51 | token: ID | Lexeme: _
line: 52 | token: ID | Lexeme: _abc_0
line: 56 | token: NUM | Lexeme: 0
line: 57 | token: NUM | Lexeme: 12345678901234567890
line: 59 | token: NUM | Lexeme: 0123



*******POSSIBLE FAILURE********** SHOULD STRING LEXEMES BE IN QUOTES?  RESOLVED

savipal.jessel@csx3:/home/profs/aycock/411/TEST/ms1$ ~/cpsc-411/scanner nul-in-str.t10
line: 3 | token: string | Lexeme: "abcd"
savipal.jessel@csx3:/home/profs/aycock/411/TEST/ms1$ ../reference/main nul-in-str.t10
[Token(string, 3, abcd)]
savipal.jessel@csx3:/home/profs/aycock/411/TEST/ms1$




savipal.jessel@csx3:/home/profs/aycock/411/TEST/ms1$ ../reference/main space-in-operator.t4
warning: ignoring bad character at or near line 2
warning: ignoring bad character at or near line 2
savipal.jessel@csx3:/home/profs/aycock/411/TEST/ms1$ ~/cpsc-411/scanner space-in-operator.t4
Warning: Illegal character on or near line 2
Warning: Illegal character on or near line 2
savipal.jessel@csx3:/home/profs/aycock/411/TEST/ms1$




*******POSSIBLE FAILURE********** SHOULD STRING LEXEMES BE IN QUOTES? RESOLVED

savipal.jessel@csx3:/home/profs/aycock/411/TEST/ms1$ ../reference/main strings.t9
[Token(string, 3, abc), Token(string, 4, ab\t\ndef), Token(string, 5, ab\"cd), Token(string, 6, ab\\\"cd)]
savipal.jessel@csx3:/home/profs/aycock/411/TEST/ms1$ ~/cpsc-411/scanner strings.t9
line: 3 | token: string | Lexeme: "abc"
line: 4 | token: string | Lexeme: "ab\t\ndef"
line: 5 | token: string | Lexeme: "ab\"cd"
line: 6 | token: string | Lexeme: "ab\\\"cd"
savipal.jessel@csx3:/home/profs/aycock/411/TEST/ms1$





savipal.jessel@csx3:/home/profs/aycock/411/TEST/ms1$ ../reference/main str-term-eof.t8
error: string missing closing quote at or near line 3
savipal.jessel@csx3:/home/profs/aycock/411/TEST/ms1$ ~/cpsc-411/scanner str-term-eof.t8
Error: Missing string end quote on or near line 3
savipal.jessel@csx3:/home/profs/aycock/411/TEST/ms1$




*******POSSIBLE FAILURE********** WHICH ERROR IS VALID??

savipal.jessel@csx3:/home/profs/aycock/411/TEST/ms1$ ../reference/main unterm-str.t7
error: string missing closing quote at or near line 3
savipal.jessel@csx3:/home/profs/aycock/411/TEST/ms1$ ~/cpsc-411/scanner unterm-str.t7
Error: Newline in string on or near line 4
savipal.jessel@csx3:/home/profs/aycock/411/TEST/ms1$





savipal.jessel@csx3:/home/profs/aycock/411/TEST/ms1$ ~/cpsc-411/scanner wtf.t12
Warning: Illegal character on or near line 1
line: 1 | token: ID | Lexeme: ELF
Warning: Illegal character on or near line 1
Warning: Illegal character on or near line 1
Warning: Illegal character on or near line 1
Warning: Illegal character on or near line 1
Warning: Illegal character on or near line 1
Warning: Illegal character on or near line 1
Warning: Illegal character on or near line 1
Warning: Illegal character on or near line 1
Error: Too many warnings on or near line 1. Qutting program
savipal.jessel@csx3:/home/profs/aycock/411/TEST/ms1$ ../reference/main wtf.t12
warning: ignoring bad character at or near line 1
warning: ignoring bad character at or near line 1
warning: ignoring bad character at or near line 1
warning: ignoring bad character at or near line 1
warning: ignoring bad character at or near line 1
warning: ignoring bad character at or near line 1
warning: ignoring bad character at or near line 1
warning: ignoring bad character at or near line 1
warning: ignoring bad character at or near line 1
warning: ignoring bad character at or near line 1
warning: ignoring bad character at or near line 1
error: too many warnings at or near line 1



